  Файл: /home/user1
  Размер: 4096      	Блоков: 8          Блок В/В: 4096   каталог
Устройство: 8/4	Инода: 1047859     Ссылки: 4
Доступ: (0700/drwx------)  Uid: ( 1234/   user1)   Gid: ( 1001/students)
Контекст: unconfined_u:object_r:user_home_dir_t:s0
Доступ:        2026-09-17 21:38:41.123938093 +0300
Модифицирован: 2026-09-17 21:39:16.479973810 +0300
Изменён:       2026-09-17 21:39:16.479973810 +0300
Создан:        2026-09-17 19:57:29.713829923 +0300
  Файл: /usr/bin/chown
  Размер: 65840     	Блоков: 136        Блок В/В: 4096   обычный файл
Устройство: 8/4	Инода: 703476      Ссылки: 1
Доступ: (0755/-rwxr-xr-x)  Uid: (    0/    root)   Gid: (    0/    root)
Контекст: system_u:object_r:bin_t:s0
Доступ:        2026-09-17 21:05:24.245273600 +0300
Модифицирован: 2026-02-18 17:45:59.000000000 +0300
Изменён:       2026-09-15 20:30:59.424506516 +0300
Создан:        2026-09-15 20:30:59.361296274 +0300
  Файл: /home/user/my_chown
  Размер: 65840     	Блоков: 136        Блок В/В: 4096   обычный файл
Устройство: 8/4	Инода: 1577129     Ссылки: 1
Доступ: (4755/-rwsr-xr-x)  Uid: (    0/    root)   Gid: (    0/    root)
Контекст: unconfined_u:object_r:user_home_t:s0
Доступ:        2026-09-17 21:15:00.066683871 +0300
Модифицирован: 2026-09-17 21:14:07.230842047 +0300
Изменён:       2026-09-17 21:14:31.373013344 +0300
Создан:        2026-09-17 21:14:07.230842047 +0300
  Файл: /usr/bin/cat
  Размер: 36568     	Блоков: 72         Блок В/В: 4096   обычный файл
Устройство: 8/4	Инода: 703472      Ссылки: 1
Доступ: (0755/-rwxr-xr-x)  Uid: (    0/    root)   Gid: (    0/    root)
Контекст: system_u:object_r:bin_t:s0
Доступ:        2026-09-17 19:52:17.656184021 +0300
Модифицирован: 2026-02-18 17:45:59.000000000 +0300
Изменён:       2026-09-15 20:30:59.424506516 +0300
Создан:        2026-09-15 20:30:59.360292937 +0300
  Файл: /home/user/my_cat
  Размер: 36568     	Блоков: 72         Блок В/В: 4096   обычный файл
Устройство: 8/4	Инода: 1569962     Ссылки: 1
Доступ: (4755/-rwsr-xr-x)  Uid: (    0/    root)   Gid: (    0/    root)
Контекст: unconfined_u:object_r:user_home_t:s0
Доступ:        2026-09-17 21:06:47.519457658 +0300
Модифицирован: 2026-09-17 21:05:06.934027455 +0300
Изменён:       2026-09-17 21:05:51.524661483 +0300
Создан:        2026-09-17 21:05:06.934027455 +0300
  Файл: /usr/bin/chown
  Размер: 65840     	Блоков: 136        Блок В/В: 4096   обычный файл
Устройство: 8/4	Инода: 703476      Ссылки: 1
Доступ: (0755/-rwxr-xr-x)  Uid: (    0/    root)   Gid: (    0/    root)
Контекст: system_u:object_r:bin_t:s0
Доступ:        2026-09-17 21:05:24.245273600 +0300
Модифицирован: 2026-02-18 17:45:59.000000000 +0300
Изменён:       2026-09-15 20:30:59.424506516 +0300
Создан:        2026-09-15 20:30:59.361296274 +0300
  Файл: /home/user/my_chown
  Размер: 65840     	Блоков: 136        Блок В/В: 4096   обычный файл
Устройство: 8/4	Инода: 1577129     Ссылки: 1
Доступ: (4755/-rwsr-xr-x)  Uid: (    0/    root)   Gid: (    0/    root)
Контекст: unconfined_u:object_r:user_home_t:s0
Доступ:        2026-09-17 21:15:00.066683871 +0300
Модифицирован: 2026-09-17 21:14:07.230842047 +0300
Изменён:       2026-09-17 21:14:31.373013344 +0300
Создан:        2026-09-17 21:14:07.230842047 +0300
